Mono path[0] = 'A:/Python/aether-grounds/Build/Aether Grounds_Data/Managed'
Mono config path = 'A:/Python/aether-grounds/Build/MonoBleedingEdge/etc'
CodeReloadManager initialized
Input System module state changed to: Initialized.
[Physics::Module] Initialized fallback backend.
[Physics::Module] Id: 0xdecafbad
Initialize engine version: 6000.6.0f1 (f7f8ed4d1e24)
[EntityIdStore] init: VM path (explicit commit), pageSize=4096, blockCount=1048576, entitiesPerBlock=256, slots reserved=4294967296 bytes
[Subsystems] Discovering subsystems at path A:/Python/aether-grounds/Build/Aether Grounds_Data/UnitySubsystems
[D3D12 Device Filter] Vendor Name: NVIDIA
[D3D12 Device Filter] Device Name: NVIDIA GeForce RTX 4060
[D3D12 Device Filter] Driver Version: 32.0.15.9636
[D3D12 Device Filter] Feature Level: 12.2
[D3D12 Device Filter] Graphics Memory: 7957 MB
[D3D12 Device Filter] Processor Count: 16
[D3D12 Device Filter] Device Type: Discrete
GfxDevice: creating device client; kGfxThreadingModeSplitJobs
d3d12: failed to query info queue interface (0x80004002).
Direct3D:
    Version:         Direct3D 12 [level 12.2]
    Renderer:        NVIDIA GeForce RTX 4060 (ID=0x2882)
    Vendor:          NVIDIA
    VRAM:            7957 MB
    App VRAM Budget: 7189 MB
    Driver:          32.0.15.9636
Begin MonoManager ReloadAssembly
- Finished resetting the current domain, in  0.009 seconds
[Physics::Module] Selected backend.
[Physics::Module] Name: PhysX
[Physics::Module] Id: 0xf2b8ea05
[Physics::Module] SDK Version: 4.1.2
[Physics::Module] Integration Version: 1.0.0
[Physics::Module] Threading Mode: Multi-Threaded
<RI> Initializing input.
<RI> Input initialized.
UnloadTime: 0.818100 ms
DETAIL PASS Generated texture Carbon
DETAIL PASS Paint/color serialization 1
DETAIL PASS Generated texture Glitter
DETAIL PASS Paint/color serialization 2
DETAIL PASS Generated texture Jelly
DETAIL PASS Paint/color serialization 3
DETAIL PASS Generated texture Forged Carbon
DETAIL PASS Paint/color serialization 4
DETAIL PASS Generated texture Pearl
DETAIL PASS Paint/color serialization 5
DETAIL PASS Generated texture Brushed Metal
DETAIL PASS Paint/color serialization 6
DETAIL PASS Generated texture Marble
DETAIL PASS Paint/color serialization 7
DETAIL PASS Generated texture Lava
DETAIL PASS Paint/color serialization 8
DETAIL PASS Generated texture Honeycomb
DETAIL PASS Paint/color serialization 9
DETAIL PASS Generated texture Liquid Chrome
DETAIL PASS Paint/color serialization 10
DETAIL PASS Texture wraps car Vanta
DETAIL PASS Texture wraps car Comet
DETAIL PASS Texture wraps car Miso
DETAIL PASS Texture wraps car Nomad
DETAIL PASS Texture wraps car Spectre
DETAIL PASS Texture wraps car Atlas
DETAIL PASS Texture wraps car Pip
DETAIL PASS Texture wraps car Cinder
DETAIL PASS Texture wraps car Relay
DETAIL PASS Texture wraps car Manta
MAP DETAILS Heartstopper props=968 types=56
DETAIL PASS Stunts spawns player plus nine AI
DETAIL PASS Heartstopper has populated downloaded scenery (968 instances, 56 types)
Setting angular velocity of a kinematic body is not supported.
Setting linear velocity of a kinematic body is not supported.
DETAIL PASS Downhill roof and forward road in view at 520
Setting angular velocity of a kinematic body is not supported.
Setting linear velocity of a kinematic body is not supported.
DETAIL PASS Downhill roof and forward road in view at 850
Setting angular velocity of a kinematic body is not supported.
Setting linear velocity of a kinematic body is not supported.
DETAIL PASS Downhill roof and forward road in view at 1190
Setting angular velocity of a kinematic body is not supported.
Setting linear velocity of a kinematic body is not supported.
DETAIL FAIL Downhill roof and forward road in view at 1370
Setting angular velocity of a kinematic body is not supported.
Setting linear velocity of a kinematic body is not supported.
DETAIL PASS Downhill roof and forward road in view at 2700
MAP DETAILS Heartstopper props=968 types=56
DETAIL AI You: z=0 cp=0 returns=0 | Sir Skids-a-Lot: z=0 cp=0 returns=0 | Brake Expectations: z=-6 cp=0 returns=0 | Wheelie Nelson: z=-6 cp=0 returns=0 | Clutch Potato: z=-14 cp=0 returns=0 | Tofu Fast: z=-13 cp=0 returns=0 | Bumper Dumpling: z=-21 cp=0 returns=0 | Oops All Boost: z=-21 cp=0 returns=0 | Driftwood Mac: z=-28 cp=0 returns=0 | Lord of the Rims: z=-27 cp=0 returns=0
DETAIL AI You: z=686 cp=1 returns=0 | Sir Skids-a-Lot: z=92 cp=1 returns=0 | Brake Expectations: z=96 cp=1 returns=0 | Wheelie Nelson: z=110 cp=1 returns=0 | Clutch Potato: z=37 cp=1 returns=0 | Tofu Fast: z=94 cp=1 returns=0 | Bumper Dumpling: z=83 cp=1 returns=0 | Oops All Boost: z=86 cp=1 returns=0 | Driftwood Mac: z=88 cp=1 returns=0 | Lord of the Rims: z=72 cp=1 returns=0
DETAIL AI You: z=1394 cp=2 returns=0 | Sir Skids-a-Lot: z=101 cp=1 returns=0 | Brake Expectations: z=107 cp=1 returns=0 | Wheelie Nelson: z=116 cp=1 returns=0 | Clutch Potato: z=48 cp=1 returns=0 | Tofu Fast: z=100 cp=1 returns=0 | Bumper Dumpling: z=92 cp=1 returns=0 | Oops All Boost: z=102 cp=1 returns=0 | Driftwood Mac: z=92 cp=1 returns=0 | Lord of the Rims: z=72 cp=1 returns=0
DETAIL AI You: z=1939 cp=2 returns=0 | Sir Skids-a-Lot: z=115 cp=1 returns=0 | Brake Expectations: z=185 cp=1 returns=0 | Wheelie Nelson: z=116 cp=1 returns=0 | Clutch Potato: z=48 cp=1 returns=0 | Tofu Fast: z=103 cp=1 returns=0 | Bumper Dumpling: z=92 cp=1 returns=0 | Oops All Boost: z=102 cp=1 returns=0 | Driftwood Mac: z=97 cp=1 returns=0 | Lord of the Rims: z=72 cp=1 returns=0
DETAIL AI You: z=2650 cp=3 returns=0 | Sir Skids-a-Lot: z=108 cp=1 returns=0 | Brake Expectations: z=186 cp=1 returns=0 | Wheelie Nelson: z=116 cp=1 returns=0 | Clutch Potato: z=48 cp=1 returns=0 | Tofu Fast: z=102 cp=1 returns=0 | Bumper Dumpling: z=93 cp=1 returns=0 | Oops All Boost: z=101 cp=1 returns=0 | Driftwood Mac: z=95 cp=1 returns=0 | Lord of the Rims: z=71 cp=1 returns=0
DETAIL AI You: z=3449 cp=4 returns=0 | Sir Skids-a-Lot: z=114 cp=1 returns=0 | Brake Expectations: z=54 cp=1 returns=1 | Wheelie Nelson: z=115 cp=1 returns=0 | Clutch Potato: z=48 cp=1 returns=0 | Tofu Fast: z=102 cp=1 returns=0 | Bumper Dumpling: z=93 cp=1 returns=0 | Oops All Boost: z=101 cp=1 returns=0 | Driftwood Mac: z=94 cp=1 returns=0 | Lord of the Rims: z=54 cp=1 returns=0
DETAIL AI You: z=3904 cp=4 returns=0 | Sir Skids-a-Lot: z=114 cp=1 returns=0 | Brake Expectations: z=54 cp=1 returns=1 | Wheelie Nelson: z=115 cp=1 returns=0 | Clutch Potato: z=48 cp=1 returns=0 | Tofu Fast: z=101 cp=1 returns=0 | Bumper Dumpling: z=93 cp=1 returns=0 | Oops All Boost: z=101 cp=1 returns=0 | Driftwood Mac: z=93 cp=1 returns=0 | Lord of the Rims: z=54 cp=1 returns=0
DETAIL AI You: z=4614 cp=5 returns=0 | Sir Skids-a-Lot: z=113 cp=1 returns=0 | Brake Expectations: z=54 cp=1 returns=1 | Wheelie Nelson: z=115 cp=1 returns=0 | Clutch Potato: z=48 cp=1 returns=0 | Tofu Fast: z=102 cp=1 returns=0 | Bumper Dumpling: z=92 cp=1 returns=0 | Oops All Boost: z=101 cp=1 returns=0 | Driftwood Mac: z=94 cp=1 returns=0 | Lord of the Rims: z=54 cp=1 returns=0
DETAIL AI You: z=4351 cp=5 returns=1 | Sir Skids-a-Lot: z=113 cp=1 returns=0 | Brake Expectations: z=54 cp=1 returns=1 | Wheelie Nelson: z=115 cp=1 returns=0 | Clutch Potato: z=48 cp=1 returns=0 | Tofu Fast: z=101 cp=1 returns=0 | Bumper Dumpling: z=92 cp=1 returns=0 | Oops All Boost: z=100 cp=1 returns=0 | Driftwood Mac: z=93 cp=1 returns=0 | Lord of the Rims: z=54 cp=1 returns=0
DETAIL AI You: z=4288 cp=5 returns=2 | Sir Skids-a-Lot: z=113 cp=1 returns=0 | Brake Expectations: z=54 cp=1 returns=1 | Wheelie Nelson: z=115 cp=1 returns=0 | Clutch Potato: z=48 cp=1 returns=0 | Tofu Fast: z=100 cp=1 returns=0 | Bumper Dumpling: z=93 cp=1 returns=0 | Oops All Boost: z=100 cp=1 returns=0 | Driftwood Mac: z=94 cp=1 returns=0 | Lord of the Rims: z=54 cp=1 returns=0
DETAIL AI You: z=4351 cp=5 returns=2 | Sir Skids-a-Lot: z=113 cp=1 returns=0 | Brake Expectations: z=54 cp=1 returns=1 | Wheelie Nelson: z=115 cp=1 returns=0 | Clutch Potato: z=48 cp=1 returns=0 | Tofu Fast: z=101 cp=1 returns=0 | Bumper Dumpling: z=93 cp=1 returns=0 | Oops All Boost: z=100 cp=1 returns=0 | Driftwood Mac: z=94 cp=1 returns=0 | Lord of the Rims: z=53 cp=1 returns=0
DETAIL AI You: z=4330 cp=5 returns=3 | Sir Skids-a-Lot: z=112 cp=1 returns=0 | Brake Expectations: z=54 cp=1 returns=1 | Wheelie Nelson: z=114 cp=1 returns=0 | Clutch Potato: z=47 cp=1 returns=0 | Tofu Fast: z=101 cp=1 returns=0 | Bumper Dumpling: z=93 cp=1 returns=0 | Oops All Boost: z=100 cp=1 returns=0 | Driftwood Mac: z=94 cp=1 returns=0 | Lord of the Rims: z=54 cp=1 returns=0
DETAIL AI You: z=4352 cp=5 returns=3 | Sir Skids-a-Lot: z=112 cp=1 returns=0 | Brake Expectations: z=53 cp=1 returns=1 | Wheelie Nelson: z=114 cp=1 returns=0 | Clutch Potato: z=47 cp=1 returns=0 | Tofu Fast: z=100 cp=1 returns=0 | Bumper Dumpling: z=92 cp=1 returns=0 | Oops All Boost: z=100 cp=1 returns=0 | Driftwood Mac: z=94 cp=1 returns=0 | Lord of the Rims: z=53 cp=1 returns=0
DETAIL AI You: z=4350 cp=5 returns=4 | Sir Skids-a-Lot: z=113 cp=1 returns=0 | Brake Expectations: z=54 cp=1 returns=1 | Wheelie Nelson: z=115 cp=1 returns=0 | Clutch Potato: z=47 cp=1 returns=0 | Tofu Fast: z=101 cp=1 returns=0 | Bumper Dumpling: z=92 cp=1 returns=0 | Oops All Boost: z=100 cp=1 returns=0 | Driftwood Mac: z=94 cp=1 returns=0 | Lord of the Rims: z=53 cp=1 returns=0
DETAIL AI You: z=4352 cp=5 returns=4 | Sir Skids-a-Lot: z=112 cp=1 returns=0 | Brake Expectations: z=53 cp=1 returns=1 | Wheelie Nelson: z=114 cp=1 returns=0 | Clutch Potato: z=32 cp=1 returns=0 | Tofu Fast: z=100 cp=1 returns=0 | Bumper Dumpling: z=92 cp=1 returns=0 | Oops All Boost: z=100 cp=1 returns=0 | Driftwood Mac: z=94 cp=1 returns=0 | Lord of the Rims: z=53 cp=1 returns=0
DETAIL AI You: z=4350 cp=5 returns=5 | Sir Skids-a-Lot: z=112 cp=1 returns=0 | Brake Expectations: z=53 cp=1 returns=1 | Wheelie Nelson: z=114 cp=1 returns=0 | Clutch Potato: z=32 cp=1 returns=0 | Tofu Fast: z=100 cp=1 returns=0 | Bumper Dumpling: z=92 cp=1 returns=0 | Oops All Boost: z=99 cp=1 returns=0 | Driftwood Mac: z=92 cp=1 returns=0 | Lord of the Rims: z=53 cp=1 returns=0
DETAIL AI You: z=4352 cp=5 returns=5 | Sir Skids-a-Lot: z=111 cp=1 returns=0 | Brake Expectations: z=53 cp=1 returns=1 | Wheelie Nelson: z=113 cp=1 returns=0 | Clutch Potato: z=32 cp=1 returns=0 | Tofu Fast: z=100 cp=1 returns=0 | Bumper Dumpling: z=91 cp=1 returns=0 | Oops All Boost: z=99 cp=1 returns=0 | Driftwood Mac: z=91 cp=1 returns=0 | Lord of the Rims: z=53 cp=1 returns=0
DETAIL AI You: z=4350 cp=5 returns=6 | Sir Skids-a-Lot: z=111 cp=1 returns=0 | Brake Expectations: z=49 cp=1 returns=1 | Wheelie Nelson: z=113 cp=1 returns=0 | Clutch Potato: z=32 cp=1 returns=0 | Tofu Fast: z=98 cp=1 returns=0 | Bumper Dumpling: z=78 cp=1 returns=0 | Oops All Boost: z=74 cp=1 returns=0 | Driftwood Mac: z=97 cp=1 returns=0 | Lord of the Rims: z=74 cp=1 returns=0
DETAIL FAIL Continuous Stunts race with nine AI reaches finish
DETAIL FAIL Every opponent completes the first descent
DETAIL FAIL At least five AI clear the first island jump
DETAIL PERFORMANCE Stunts frames=21335 seconds=179.9674 averageFPS=118.5493
DETAIL PASS stunts Main Menu cleans up race and restores time
MAP DETAILS Rush 0 props=2050 types=56
DETAIL PASS Coastal Rush has populated downloaded scenery (2050 instances, 56 types)
DETAIL PASS Acceleration creates wheelspin smoke
DETAIL PASS High speed braking creates smoke
DETAIL PASS Drifting creates tire smoke
DETAIL PASS Boost emits aura ribbons and multiple car afterimages
DETAIL PASS Afterimages fade out after boost
DETAIL PASS rush Main Menu cleans up race and restores time
MAP DETAILS Rush 1 props=1939 types=46
DETAIL PASS Rush 1 has populated downloaded scenery (1939 instances, 46 types)
MAP DETAILS Rush 2 props=767 types=17
DETAIL PASS Rush 2 has populated downloaded scenery (767 instances, 17 types)
Detected one or more triangles where the distance between any 2 vertices is greater than 500 units. The resulting Triangle Mesh can impact simulation and query stability. It is recommended to tessellate meshes that have large triangles. Source mesh name: Sloping beach
CITY GENERATED length=3231m buildings=259 props=720 importedModels=48
MAP DETAILS Downtown Minda props=206 types=18
DETAIL PASS Downtown Minda has populated downloaded scenery (206 instances, 18 types)
MALASUGUE GENERATED route=1866.402 mappedFootprints=516 reconstructedInfill=317 tricycles=26
MAP DETAILS Malasugue Town props=171 types=4
DETAIL PASS Malasugue Town has populated downloaded scenery (171 instances, 4 types)
MAP DETAILS Midnight Gardens props=1073 types=43
DETAIL PASS Midnight Gardens has populated downloaded scenery (1073 instances, 43 types)
DETAIL PASS circuit Main Menu cleans up race and restores time
DETAIL PASS All 58 downloaded prop types actually placed across seven maps: 58
DETAIL COMPLETE failures=4
[Physics::Module] Cleanup current backend.
[Physics::Module] Id: 0xf2b8ea05
Input System module state changed to: ShutdownInProgress.
Input Polling Thread exited.
Input System module state changed to: Shutdown.
CodeReloadManager destroyed
