Mono path[0] = 'A:/Python/aether-grounds/Build/Aether Grounds_Data/Managed'
Mono config path = 'A:/Python/aether-grounds/Build/MonoBleedingEdge/etc'
CodeReloadManager initialized
Input System module state changed to: Initialized.
[Physics::Module] Initialized fallback backend.
[Physics::Module] Id: 0xdecafbad
Initialize engine version: 6000.6.0f1 (f7f8ed4d1e24)
[EntityIdStore] init: VM path (explicit commit), pageSize=4096, blockCount=1048576, entitiesPerBlock=256, slots reserved=4294967296 bytes
[Subsystems] Discovering subsystems at path A:/Python/aether-grounds/Build/Aether Grounds_Data/UnitySubsystems
[D3D12 Device Filter] Vendor Name: NVIDIA
[D3D12 Device Filter] Device Name: NVIDIA GeForce RTX 4060
[D3D12 Device Filter] Driver Version: 32.0.15.9636
[D3D12 Device Filter] Feature Level: 12.2
[D3D12 Device Filter] Graphics Memory: 7957 MB
[D3D12 Device Filter] Processor Count: 16
[D3D12 Device Filter] Device Type: Discrete
GfxDevice: creating device client; kGfxThreadingModeSplitJobs
d3d12: failed to query info queue interface (0x80004002).
Direct3D:
    Version:         Direct3D 12 [level 12.2]
    Renderer:        NVIDIA GeForce RTX 4060 (ID=0x2882)
    Vendor:          NVIDIA
    VRAM:            7957 MB
    App VRAM Budget: 7189 MB
    Driver:          32.0.15.9636
Begin MonoManager ReloadAssembly
- Finished resetting the current domain, in  0.009 seconds
[Physics::Module] Selected backend.
[Physics::Module] Name: PhysX
[Physics::Module] Id: 0xf2b8ea05
[Physics::Module] SDK Version: 4.1.2
[Physics::Module] Integration Version: 1.0.0
[Physics::Module] Threading Mode: Multi-Threaded
<RI> Initializing input.
<RI> Input initialized.
UnloadTime: 0.832600 ms
AIRAH generated length=10375.95 elevation=105..490.1243 trees=12554 rocks=5746
AIRAH TEST PASS New circuit loads with 20 racers
AIRAH TEST PASS Huge route and elevation variation: 10376m, climb 385m
AIRAH TEST PASS Dense instanced nature: 12554 trees, 5746 rocks
AIRAH TEST PASS 18 physical civilian cars
AIRAH TEST PASS Boosters, jumpers and ramps connected
AIRAH TEST PASS Developer Easter egg sign
AIRAH TEST PASS Road collision continuous outside bridge gap (missing=0)
AIRAH TEST PASS Terrain does not cover road (buried=0)
AIRAH TEST PASS Driveable maximum grade 0.15
AIRAH TEST PASS Broken bridge has a real open gap
AIRAH PERF PC, 20 racers average=118.9 fps; 1% slow frame=114.3 fps; 1600x900
AIRAH PERF Phone quality on desktop, 20 racers average=59.7 fps; 1% slow frame=58.6 fps; 1600x900
AIRAH TEST PASS Physics-driven broken bridge jump reaches landing deck
AIRAH TEST FAIL Missed jump returns to boosted approach
AIRAH DRIVE point=2 progress=2 gate=0 speed=0 returns=2
AIRAH DRIVE point=40 progress=40 gate=0 speed=15.15103 returns=2
AIRAH DRIVE point=84 progress=84 gate=0 speed=217.7201 returns=2
AIRAH DRIVE point=126 progress=126 gate=1 speed=159.0096 returns=2
AIRAH DRIVE point=163 progress=163 gate=1 speed=116.2757 returns=2
AIRAH DRIVE point=192 progress=192 gate=1 speed=167.1707 returns=2
AIRAH DRIVE point=231 progress=231 gate=1 speed=91.97083 returns=2
AIRAH DRIVE point=269 progress=269 gate=2 speed=177.3248 returns=2
AIRAH DRIVE point=314 progress=314 gate=2 speed=178.6318 returns=2
AIRAH DRIVE point=355 progress=355 gate=2 speed=123.5861 returns=2
AIRAH DRIVE point=393 progress=393 gate=3 speed=126.6617 returns=2
AIRAH DRIVE point=419 progress=416 gate=3 speed=166.4925 returns=3
AIRAH DRIVE point=457 progress=454 gate=3 speed=106.4256 returns=3
AIRAH TEST PASS Full physics-driven mountain lap completes all ordered checkpoints
AIRAH COMPLETE failures=1
[Physics::Module] Cleanup current backend.
[Physics::Module] Id: 0xf2b8ea05
Input System module state changed to: ShutdownInProgress.
Input Polling Thread exited.
Input System module state changed to: Shutdown.
CodeReloadManager destroyed
