VBCSCompilerPreWarmer: pre-warm launched (dotnet PID 8872)
VBCSCompiler prewarm took 8.56 ms
[Licensing::Module] Trying to connect to existing licensing client channel...
Built from '6000.6/respin/6000.6.0f1-fa21a270ab12' branch; Version is '6000.6.0f1 (f7f8ed4d1e24) revision 16251117'; Using compiler version '194234433'; Build Type 'Release'
[Licensing::IpcConnector] Successfully connected to: "LicenseClient-Azrin Azrael" at "2026-09-08T21:35:19.8501318Z"
OS: 'Windows 10  (10.0.19045) 64bit Professional' Language: 'en' Physical Memory: 32690 MB
BatchMode: 0, IsHumanControllingUs: 1, StartBugReporterOnCrash: 1, Is64bit: 1
System  architecture: x64
Process architecture: x64
Date: 2026-09-08T21:35:19Z
[Licensing::Client] Code 10 while verifying Licensing Client signature (process Id: 12712, path: "C:/Program Files/Unity Hub/UnityLicensingClient_V1/Unity.Licensing.Client.exe")
[Licensing::Module] LicensingClient has failed validation; ignoring
[Licensing::Client] Handshaking with LicensingClient:
  Version:                 1.18.3+d7ffd15
  Session Id:              7330cb27c03c4d9998920c20b1eefc6c
  Correlation Id:          15b0468bf3b31671819d63b476f22835
  External correlation Id: 8238182707190515807
  Machine Id:              WwTD/V+HEZEkZZHKBHxVx+mMSis=
[Licensing::Module] Successfully connected to LicensingClient on channel: "LicenseClient-Azrin Azrael" (connect: 0.00s, validation: 0.00s, handshake: 0.06s)
[Licensing::IpcConnector] Successfully connected to: "LicenseClient-Azrin Azrael-notifications" at "2026-09-08T21:35:19.9102209Z"
[Licensing::Module] Error: Access token is unavailable; failed to update
[Licensing::Client] Successfully resolved entitlement details
[Licensing::Module] License group:
  Id: 18968495829972-UnityPersXXXX
  Product: Unity Personal
  Type: Assigned
  Expiration: Unlimited
[Licensing::Client] Successfully updated license, isAsync: True, time: 0.00
[Licensing::Client] Successfully resolved entitlement details
[Licensing::Module] Licensing Background thread has ended after 0.07s

COMMAND LINE ARGUMENTS:
C:\Program Files\Unity\Hub\Editor\6000.6.0f1\Editor\Unity.exe
-projectPath
A:/Python/aether-grounds
-logFile
A:/Python/aether-grounds/Evidence/editor.log
Successfully changed project path to: A:/Python/aether-grounds
A:/Python/aether-grounds
[UnityMemory] Configuration Parameters - Can be set up in boot.config
    "memorysetup-temp-allocator-size-gi-baking-worker=262144"
    "memorysetup-temp-allocator-size-gi-baking-worker=262144"
    "memorysetup-temp-allocator-size-gi-baking-worker=262144"
    "memorysetup-temp-allocator-size-gi-baking-worker=262144"
    "memorysetup-temp-allocator-size-gi-baking-worker=262144"
    "memorysetup-temp-allocator-size-nav-mesh-worker=65536"
    "memorysetup-temp-allocator-size-audio-worker=65536"
    "memorysetup-temp-allocator-size-cloud-worker=32768"
    "memorysetup-temp-allocator-size-gfx=262144"
    "memorysetup-remapper-allocator-initial-capacity=32768"
    "memorysetup-temp-allocator-size-preload-manager=33554432"
    "memorysetup-allocator-temp-initial-block-size-main=262144"
    "memorysetup-allocator-temp-initial-block-size-worker=262144"
    "memorysetup-temp-allocator-size-job-worker=262144"
    "memorysetup-temp-allocator-size-background-worker=32768"
    "memorysetup-bucket-allocator-granularity=16"
    "memorysetup-bucket-allocator-bucket-count=8"
    "memorysetup-bucket-allocator-block-size=33554432"
    "memorysetup-bucket-allocator-block-count=8"
    "memorysetup-main-allocator-block-size=16777216"
    "memorysetup-thread-allocator-block-size=16777216"
    "memorysetup-main-allocator-mimalloc-enabled=1"
    "memorysetup-gfx-main-allocator-block-size=16777216"
    "memorysetup-gfx-thread-allocator-block-size=16777216"
    "memorysetup-cache-allocator-block-size=4194304"
    "memorysetup-typetree-allocator-block-size=2097152"
    "memorysetup-profiler-bucket-allocator-granularity=16"
    "memorysetup-profiler-bucket-allocator-bucket-count=8"
    "memorysetup-profiler-bucket-allocator-block-size=33554432"
    "memorysetup-profiler-bucket-allocator-block-count=8"
    "memorysetup-profiler-allocator-block-size=16777216"
    "memorysetup-profiler-editor-allocator-block-size=1048576"
    "memorysetup-temp-allocator-size-main=16777216"
    "memorysetup-job-temp-allocator-block-size=2097152"
    "memorysetup-job-temp-allocator-block-size-background=1048576"
    "memorysetup-job-temp-allocator-reduction-small-platforms=262144"
Logging is directed to a specific file, skipping project log.
Player connection [33052]  Target information:

Player connection [33052]  * "[IP] 192.168.100.5 [Port] 55504 [Flags] 2 [Guid] 885313557 [EditorId] 885313557 [Version] 1048832 [Id] WindowsEditor(7,DESKTOP-9MS8H02) [Debug] 1 [PackageName] WindowsEditor [ProjectName] Editor" 

Player connection [33052] Host joined multi-casting on [225.0.0.222:54997]...
Player connection [33052] Host joined alternative multi-casting on [225.0.0.222:34997]...
Input System module state changed to: Initialized.
[Physics::Module] Initialized fallback backend.
[Physics::Module] Id: 0xdecafbad
[Package Manager] Connected to IPC stream "Upm-33204" after 0.4 seconds.
[Licensing::Client] Successfully resolved entitlement details
Library Redirect Path: Library/
Launching Unity Data Store - C:/Program Files/Unity/Hub/Editor/6000.6.0f1/Editor/Data/Tools/Unity.DataStore.exe 
Unity Data Store artifact dir = Library/DataStore, working dir = A:/Python/aether-grounds[Physics::Module] Selected backend.
[Physics::Module] Name: PhysX
[Physics::Module] Id: 0xf2b8ea05
[Physics::Module] SDK Version: 4.1.2
[Physics::Module] Integration Version: 1.0.0
[Physics::Module] Threading Mode: Multi-Threaded
Unity Data Store running and initialised
Initialize engine version: 6000.6.0f1 (f7f8ed4d1e24)
[EntityIdStore] init: VM path (explicit commit), pageSize=4096, blockCount=1048576, entitiesPerBlock=256, slots reserved=4294967296 bytes
[Subsystems] Discovering subsystems at path C:/Program Files/Unity/Hub/Editor/6000.6.0f1/Editor/Data/Resources/UnitySubsystems
[Subsystems] Discovering subsystems at path A:/Python/aether-grounds/Assets
[D3D12 Device Filter] Vendor Name: NVIDIA
[D3D12 Device Filter] Device Name: NVIDIA GeForce RTX 4060
[D3D12 Device Filter] Driver Version: 32.0.15.9636
[D3D12 Device Filter] Feature Level: 12.2
[D3D12 Device Filter] Graphics Memory: 7957 MB
[D3D12 Device Filter] Processor Count: 16
[D3D12 Device Filter] Device Type: Discrete
GfxDevice: creating device client; kGfxThreadingModeSplitJobs
d3d12: failed to query info queue interface (0x80004002).
Direct3D:
    Version:         Direct3D 12 [level 12.2]
    Renderer:        NVIDIA GeForce RTX 4060 (ID=0x2882)
    Vendor:          NVIDIA
    VRAM:            7957 MB
    App VRAM Budget: 7189 MB
    Driver:          32.0.15.9636
Initialize mono
Mono path[0] = 'C:/Program Files/Unity/Hub/Editor/6000.6.0f1/Editor/Data/Managed'
Mono path[1] = 'C:/Program Files/Unity/Hub/Editor/6000.6.0f1/Editor/Data/BCLExtensions/runtime/netstandard2.1'
Mono path[2] = 'C:/Program Files/Unity/Hub/Editor/6000.6.0f1/Editor/Data/MonoBleedingEdge/lib/mono/unityjit-win32'
Mono config path = 'C:/Program Files/Unity/Hub/Editor/6000.6.0f1/Editor/Data/MonoBleedingEdge/etc'
Using monoOptions --debugger-agent=transport=dt_socket,embedding=1,server=y,suspend=n,address=127.0.0.1:56204
CodeReloadManager initialized
ImportWorker Server TCP listen port: 0
AcceleratorClientConnectionCallback - disconnected - :0
Begin MonoManager ReloadAssembly
Registering precompiled unity dll's ...
Register platform support module: C:/Program Files/Unity/Hub/Editor/6000.6.0f1/Editor/Data/PlaybackEngines/WebGLSupport/UnityEditor.WebGL.Extensions.dll
Register platform support module: C:/Program Files/Unity/Hub/Editor/6000.6.0f1/Editor/Data/PlaybackEngines/WindowsStandaloneSupport/UnityEditor.WindowsStandalone.Extensions.dll
Registered in 0.002004 seconds.
Native extension for WindowsStandalone target not found
Native extension for WebGL target not found
Package Manager log level set to [2]
ScheduleIndexationOnStartup MainProcess:False IndexOnStartup:False
Scripting: successfully reloaded assembly
- Finished resetting the current domain, in  0.981 seconds
Domain Reload Profiling: 1764ms
	BeginReloadAssembly (186ms)
		CreateAndSetChildDomain (3ms)
	RebuildCommonClasses (10ms)
	RebuildNativeTypeToScriptingClass (23ms)
	initialDomainReloadingComplete (85ms)
	LoadAllAssembliesAndSetupDomain (476ms)
		LoadAssemblies (181ms)
		TypeCache.Refresh (320ms)
			TypeCache.ScanAssembly (293ms)
		AnalyzeDomain (1ms)
	FinalizeReload (983ms)
		SetupLoadedEditorAssemblies (0ms)
			LogAssemblyErrors (4ms)
			InitializePlatformSupportModulesInManaged (4ms)
			BeforeProcessingInitializeOnLoad (165ms)
			ProcessInitializeOnLoadAttributes (161ms)
			ProcessInitializeOnLoadMethodAttributes (323ms)
[Licensing::Client] Successfully resolved entitlement details
Application.AssetDatabase Initial Refresh Start
[Package Manager] Restoring resolved packages state from cache
[Licensing::Client] Successfully resolved entitlement details
[Package Manager] Registered 42 packages:
  Packages from [https://packages.unity.com]:
    com.unity.ide.rider@3.0.38 (location: A:\Python\aether-grounds\Library\PackageCache\com.unity.ide.rider@1f60b3138684)
    com.unity.ide.visualstudio@2.0.26 (location: A:\Python\aether-grounds\Library\PackageCache\com.unity.ide.visualstudio@a99d56dec63f)
  Built-in packages:
    com.unity.modules.accessibility@1.0.0 (location: A:\Python\aether-grounds\Library\PackageCache\com.unity.modules.accessibility)
    com.unity.modules.adaptiveperformance@1.0.0 (location: A:\Python\aether-grounds\Library\PackageCache\com.unity.modules.adaptiveperformance)
    com.unity.modules.ai@1.0.0 (location: A:\Python\aether-grounds\Library\PackageCache\com.unity.modules.ai)
    com.unity.modules.androidjni@1.0.0 (location: A:\Python\aether-grounds\Library\PackageCache\com.unity.modules.androidjni)
    com.unity.modules.animation@1.0.0 (location: A:\Python\aether-grounds\Library\PackageCache\com.unity.modules.animation)
    com.unity.modules.assetbundle@1.0.0 (location: A:\Python\aether-grounds\Library\PackageCache\com.unity.modules.assetbundle)
    com.unity.modules.audio@1.0.0 (location: A:\Python\aether-grounds\Library\PackageCache\com.unity.modules.audio)
    com.unity.modules.cloth@1.0.0 (location: A:\Python\aether-grounds\Library\PackageCache\com.unity.modules.cloth)
    com.unity.modules.director@1.0.0 (location: A:\Python\aether-grounds\Library\PackageCache\com.unity.modules.director)
    com.unity.modules.imageconversion@1.0.0 (location: A:\Python\aether-grounds\Library\PackageCache\com.unity.modules.imageconversion)
    com.unity.modules.imgui@1.0.0 (location: A:\Python\aether-grounds\Library\PackageCache\com.unity.modules.imgui)
    com.unity.modules.jsonserialize@1.0.0 (location: A:\Python\aether-grounds\Library\PackageCache\com.unity.modules.jsonserialize)
    com.unity.modules.particlesystem@1.0.0 (location: A:\Python\aether-grounds\Library\PackageCache\com.unity.modules.particlesystem)
    com.unity.modules.physics@1.0.0 (location: A:\Python\aether-grounds\Library\PackageCache\com.unity.modules.physics)
    com.unity.modules.physics2d@1.0.0 (location: A:\Python\aether-grounds\Library\PackageCache\com.unity.modules.physics2d)
    com.unity.modules.physicscore2d@1.0.0 (location: A:\Python\aether-grounds\Library\PackageCache\com.unity.modules.physicscore2d)
    com.unity.modules.screencapture@1.0.0 (location: A:\Python\aether-grounds\Library\PackageCache\com.unity.modules.screencapture)
    com.unity.modules.terrain@1.0.0 (location: A:\Python\aether-grounds\Library\PackageCache\com.unity.modules.terrain)
    com.unity.modules.terrainphysics@1.0.0 (location: A:\Python\aether-grounds\Library\PackageCache\com.unity.modules.terrainphysics)
    com.unity.modules.tetgen@1.0.0 (location: A:\Python\aether-grounds\Library\PackageCache\com.unity.modules.tetgen)
    com.unity.modules.tilemap@1.0.0 (location: A:\Python\aether-grounds\Library\PackageCache\com.unity.modules.tilemap)
    com.unity.modules.timelinefoundation@1.0.0 (location: A:\Python\aether-grounds\Library\PackageCache\com.unity.modules.timelinefoundation)
    com.unity.modules.ui@1.0.0 (location: A:\Python\aether-grounds\Library\PackageCache\com.unity.modules.ui)
    com.unity.modules.uielements@1.0.0 (location: A:\Python\aether-grounds\Library\PackageCache\com.unity.modules.uielements)
    com.unity.modules.umbra@1.0.0 (location: A:\Python\aether-grounds\Library\PackageCache\com.unity.modules.umbra)
    com.unity.modules.unityanalytics@1.0.0 (location: A:\Python\aether-grounds\Library\PackageCache\com.unity.modules.unityanalytics)
    com.unity.modules.unitywebrequest@1.0.0 (location: A:\Python\aether-grounds\Library\PackageCache\com.unity.modules.unitywebrequest)
    com.unity.modules.unitywebrequestassetbundle@1.0.0 (location: A:\Python\aether-grounds\Library\PackageCache\com.unity.modules.unitywebrequestassetbundle)
    com.unity.modules.unitywebrequestaudio@1.0.0 (location: A:\Python\aether-grounds\Library\PackageCache\com.unity.modules.unitywebrequestaudio)
    com.unity.modules.unitywebrequesttexture@1.0.0 (location: A:\Python\aether-grounds\Library\PackageCache\com.unity.modules.unitywebrequesttexture)
    com.unity.modules.unitywebrequestwww@1.0.0 (location: A:\Python\aether-grounds\Library\PackageCache\com.unity.modules.unitywebrequestwww)
    com.unity.modules.vectorgraphics@1.0.0 (location: A:\Python\aether-grounds\Library\PackageCache\com.unity.modules.vectorgraphics)
    com.unity.modules.vehicles@1.0.0 (location: A:\Python\aether-grounds\Library\PackageCache\com.unity.modules.vehicles)
    com.unity.modules.video@1.0.0 (location: A:\Python\aether-grounds\Library\PackageCache\com.unity.modules.video)
    com.unity.modules.wind@1.0.0 (location: A:\Python\aether-grounds\Library\PackageCache\com.unity.modules.wind)
    com.unity.modules.xr@1.0.0 (location: A:\Python\aether-grounds\Library\PackageCache\com.unity.modules.xr)
    com.unity.modules.subsystems@1.0.0 (location: A:\Python\aether-grounds\Library\PackageCache\com.unity.modules.subsystems)
    com.unity.modules.hierarchycore@1.0.0 (location: A:\Python\aether-grounds\Library\PackageCache\com.unity.modules.hierarchycore)
    com.unity.test-framework@1.8.0 (location: A:\Python\aether-grounds\Library\PackageCache\com.unity.test-framework@7a3849e09bd0)
    com.unity.ext.nunit@2.1.0 (location: A:\Python\aether-grounds\Library\PackageCache\com.unity.ext.nunit@0198eae3b53e)
[Subsystems] No new subsystems found in resolved package list.
[Package Manager] Done registering packages in 0.01 seconds
Starting: C:\Program Files\Unity\Hub\Editor\6000.6.0f1\Editor\Data\Tools\BuildPipeline\bee_backend.exe --ipc --defer-dag-verification --dagfile="Library/Bee/1900b0aE.dag" --continue-on-failure --profile="Library/Bee/backend1.traceevents" ScriptAssemblies
WorkingDir: A:/Python/aether-grounds
Starting: C:\Program Files\Unity\Hub\Editor\6000.6.0f1\Editor\Data\DotNetSdk\dotnet.exe "C:\Program Files\Unity\Hub\Editor\6000.6.0f1\Editor\Data\Tools\BuildPipeline\ScriptCompilationBuildProgram.exe" "Library/Bee/1900b0aE.dag.json" "Library/Bee/1900b0aE-inputdata.json" "Library\Bee\buildprogram0.traceevents"
WorkingDir: A:/Python/aether-grounds
ExitCode: 4 Duration: 0s155ms
Rebuilding DAG because FileSignature timestamp changed: Library/Bee/1900b0aE-inputdata.json
[209/222    0s] ILPP-Configuration Library/ilpp-configuration.nevergeneratedoutput
*** Tundra requires additional run (0.12 seconds), 1 items updated, 208 evaluated
ExitCode: 0 Duration: 0s415ms
Starting: C:\Program Files\Unity\Hub\Editor\6000.6.0f1\Editor\Data\Tools\BuildPipeline\bee_backend.exe --ipc --defer-dag-verification --dagfile="Library/Bee/1900b0aE.dag" --continue-on-failure --dagfilejson="Library\Bee\1900b0aE.dag.json" --profile="Library/Bee/backend2.traceevents" ScriptAssemblies
WorkingDir: A:/Python/aether-grounds
ExitCode: 0 Duration: 0s176ms
Finished compiling graph: 225 nodes, 1511 flattened edges (1443 ToBuild, 12 ToUse), maximum node priority 72
[209/222    0s] ILPP-Configuration Library/ilpp-configuration.nevergeneratedoutput
*** Tundra build success (0.14 seconds), 1 items updated, 222 evaluated
AssetDatabase: script compilation time: 1.219505s
Begin MonoManager ReloadAssembly
Native extension for WindowsStandalone target not found
Native extension for WebGL target not found
ScheduleIndexationOnStartup MainProcess:True IndexOnStartup:True
Scripting: successfully reloaded assembly
- Finished resetting the current domain, in  0.808 seconds
Domain Reload Profiling: 1753ms
	BeginReloadAssembly (524ms)
		DisableScriptedObjects (42ms)
		CreateAndSetChildDomain (194ms)
	RebuildCommonClasses (17ms)
	RebuildNativeTypeToScriptingClass (28ms)
	initialDomainReloadingComplete (55ms)
	LoadAllAssembliesAndSetupDomain (318ms)
		LoadAssemblies (321ms)
		TypeCache.Refresh (23ms)
			TypeCache.ScanAssembly (14ms)
		AnalyzeDomain (8ms)
			BuildScriptInfoCaches (6ms)
	FinalizeReload (810ms)
		SetupLoadedEditorAssemblies (0ms)
			LogAssemblyErrors (3ms)
			InitializePlatformSupportModulesInManaged (3ms)
			BeforeProcessingInitializeOnLoad (177ms)
			ProcessInitializeOnLoadAttributes (185ms)
			ProcessInitializeOnLoadMethodAttributes (69ms)
			AfterProcessingInitializeOnLoad (12ms)
		AwakeInstancesAfterBackupRestoration (53ms)
Starting new worker id: 0 with log in A:/Python/aether-grounds/Logs/AssetImportWorkerHW0.log

Asset Pipeline Refresh (id=6c9f76384cef4354890bc18ac119fc0e): Total: 3.291 seconds - Initiated by InitialRefreshV2(ForceSynchronousImport)
	(Values over 0.05ms)
	Summary:
		Imports: total=0 (actual=0, local cache=0, cache server=0)
		Asset DB Process Time: managed=0 ms, native=995 ms
		Asset DB Callback time: managed=36 ms, native=15 ms
		Scripting: domain reloads=1, domain reload time=1000 ms, compile time=1224 ms, other=18 ms
		Project Asset Count: scripts=177, non-scripts=75
		Asset File Changes: new=0, changed=0, moved=0, deleted=0
		Scan Filter Count: 0
	InvokePackagesCallback: 17.255ms
	ApplyChangesToAssetFolders: 0.798ms
	Scan: 37.042ms
	Collect global state as custom dependencies: 16.115ms
	CategorizeScriptCompilationAssets: 8.708ms
	ProcessAssetsWithTransientArtifactChanges: 11.153ms
	CategorizeAssets: 3.141ms
	CompileScripts: 1224.086ms
	ImportOutOfDateAssets: 824.042ms (811.022ms without children)
		UnloadImportedAssets: 0.139ms
		EnsureUptoDateAssetsAreRegisteredWithGuidPM: 0.099ms
		ImportSchedulerStart: 12.780ms
	PostProcessAllAssets: 36.868ms
		MonoPostProcessAllAssets: 36.691ms
			WindowAssetPostprocessingWatcher.OnPostprocessAllAssets 13.083ms
			SyncVS.PostprocessSyncProject 6.148ms
			EditModeScopePostprocessor.OnPostprocessAllAssets 1.550ms
			SpeedTree9Postprocessor.OnPostprocessAllAssets 0.830ms
			ReferencedClipsPostProcessor.OnPostprocessAllAssets 0.371ms
			AssetDatabaseCallbacks.OnPostprocessAllAssets 0.274ms
			TerrainToolbarOverlayPostProcessor.OnPostprocessAllAssets 0.243ms
			RenderPipelineGlobalSettingsPostprocessor.OnPostprocessAllAssets 0.124ms
	UnloadStreamsBegin: 3.356ms
	Untracked: 1079.593ms

Application.AssetDatabase Initial Refresh End
Launched and connected shader compiler UnityShaderCompiler.exe after 0.02 seconds
Scanning for USB devices : 20.601ms
Initializing Unity extensions:
[MODES] ModeService[none].Initialize
[MODES] ModeService[none].LoadModes
[MODES] Loading mode Default (0) for mode-current-id-Aether Grounds
Unloading 5 Unused Serialized files (Serialized files now loaded: 0)
Unloading 502 unused Assets / (0.6 MB). Loaded Objects now: 1242.
Memory consumption went from 242.4 MB to 241.8 MB.
Total: 8.466600 ms (FindLiveObjects: 0.185600 ms CreateObjectMapping: 0.031200 ms MarkObjects: 7.695300 ms  DeleteObjects: 0.422700 ms)

[LAYOUT] About to load C:/Users/Lemon PC/AppData/Roaming/Unity/Editor-5.x/Preferences\Layouts\current\default-6000.dwlt, keepMainWindow=False
[LAYOUT] About to save layout A:\Python\aether-grounds\UserSettings\Layouts\default-6000.dwlt
[LAYOUT] About to save layout C:/Users/Lemon PC/AppData/Roaming/Unity/Editor-5.x/Preferences\Layouts\current\default-6000.dwlt
[MODES] ModeService[default].InitializeCurrentMode
[MODES] ModeService[default].RaiseModeChanged(default, default)
This project uses Input Manager, which is marked for deprecation. To manage input in your project, use the <a href="https://docs.unity3d.com/Packages/com.unity.inputsystem@latest">Input System package</a> instead.
<RI> Initializing input.
<RI> Input initialized.
[Project] Loading completed in 8.564 seconds
	Project init time: 				6.823 seconds
		Template init time: 		0.000 seconds
		Package Manager init time: 		0.362 seconds
		Asset Database init time: 		0.189 seconds
		Global illumination init time: 	0.003 seconds
		Assemblies load time: 			1.830 seconds
		Unity extensions init time: 	0.005 seconds
		Asset Database refresh time: 	3.291 seconds
	Scene opening time: 			1.477 seconds
##utp:{"type":"ProjectInfo","version":2,"phase":"Immediate","time":1788903328395,"processId":33204,"projectLoad":8.5637019,"projectInit":6.8232151,"templateInit":0.0,"packageManagerInit":0.3623431,"assetDatabaseInit":0.1889161,"globalIlluminationInit":0.003335,"assembliesLoad":1.829913,"unityExtensionsInit":0.0046058,"assetDatabaseRefresh":3.2909907,"sceneOpening":1.4769138}
##utp:{"type":"EditorInfo","version":2,"phase":"Immediate","time":1788903328395,"processId":33204,"editorVersion":"6000.6.0f1 (f7f8ed4d1e24)","branch":"6000.6/respin/6000.6.0f1-fa21a270ab12","buildType":"Release","platform":"Windows"}
Worker ready: AssetImportWorkerHW0 0
[Licensing::Client] Successfully resolved entitlement details
[Licensing::Client] Successfully resolved entitlement details
[Licensing::Client] Successfully updated the access token
[Licensing::Module] Successfully updated access token: "4yvkP7_C"... (expires: 2026-09-08T21:54:07Z)
Created GICache directory at C:/Users/Lemon PC/AppData/LocalLow/Unity/Caches/GiCache. Took: 0.029s, timestamps: [9.819 - 9.847]
[Licensing::Client] Successfully resolved entitlement details
[Licensing::Client] Successfully resolved entitlement details
[Licensing::Client] Successfully resolved entitlement details
[Licensing::Client] Successfully resolved entitlement details
[Licensing::Client] Successfully resolved entitlement details
[Licensing::Client] Successfully resolved entitlement details
[Licensing::Client] Successfully resolved entitlement details
[Licensing::Client] Successfully resolved entitlement details
[Licensing::Client] Successfully resolved entitlement details
[Licensing::Client] Successfully resolved entitlement details
TrimDiskCacheJob: Current cache size 0mb
Start Indexing on Editor startup
[Indexing] Starting Initial Indexing for Assets
[ScriptCompilation] Requested script compilation because: AssetDatabase observed changes in script compilation related files
[Licensing::Client] Successfully resolved entitlement details
Starting: C:\Program Files\Unity\Hub\Editor\6000.6.0f1\Editor\Data\Tools\BuildPipeline\bee_backend.exe --ipc --defer-dag-verification --dagfile="Library/Bee/1900b0aE.dag" --continue-on-failure --profile="Library/Bee/backend1.traceevents" ScriptAssemblies
WorkingDir: A:/Python/aether-grounds
ExitCode: 0 Duration: 0s895ms
[207/222    0s] ILPP-Configuration Library/ilpp-configuration.nevergeneratedoutput
[214/222    0s] Csc Library/Bee/artifacts/1900b0aE.dag/Assembly-CSharp.dll (+2 others)
Assets\Scripts\Game.cs(27,262): warning CS0618: 'FindObjectsSortMode' is obsolete: 'FindObjectsSortMode has been deprecated. Use the FindObjectsByType overloads that do not take a FindObjectsSortMode parameter.'

Assets\Scripts\Game.cs(27,236): warning CS0618: 'Object.FindObjectsByType<T>(FindObjectsSortMode)' is obsolete: 'FindObjectsByType with FindObjectsSortMode parameter has been deprecated. Use FindObjectsByType<T>() or FindObjectsByType<T>(FindObjectsInactive) instead. InstanceID will be replaced in the future with EntityId and previous sort order cannot be maintained.'

Assets\Scripts\Game.cs(51,131): warning CS0618: 'FindObjectsSortMode' is obsolete: 'FindObjectsSortMode has been deprecated. Use the FindObjectsByType overloads that do not take a FindObjectsSortMode parameter.'

Assets\Scripts\Game.cs(51,105): warning CS0618: 'Object.FindObjectsByType<T>(FindObjectsSortMode)' is obsolete: 'FindObjectsByType with FindObjectsSortMode parameter has been deprecated. Use FindObjectsByType<T>() or FindObjectsByType<T>(FindObjectsInactive) instead. InstanceID will be replaced in the future with EntityId and previous sort order cannot be maintained.'
[215/222    0s] ILPostProcess Library/Bee/artifacts/1900b0aE.dag/post-processed/Assembly-CSharp.dll (+pdb)
Processing assembly Library/Bee/artifacts/1900b0aE.dag/Assembly-CSharp.dll, with 148 defines and 289 references

processors: zzzUnity.Burst.CodeGen.BurstILPostProcessor

1 processor(s) skipped this assembly
[216/222    0s] CopyFiles Library/ScriptAssemblies/Assembly-CSharp.pdb
[217/222    0s] Csc Library/Bee/artifacts/1900b0aE.dag/Assembly-CSharp-Editor.dll (+2 others)
[218/222    0s] ILPostProcess Library/Bee/artifacts/1900b0aE.dag/post-processed/Assembly-CSharp-Editor.dll (+pdb)
Processing assembly Library/Bee/artifacts/1900b0aE.dag/Assembly-CSharp-Editor.dll, with 146 defines and 302 references

processors: zzzUnity.Burst.CodeGen.BurstILPostProcessor

1 processor(s) skipped this assembly
[219/222    0s] CopyFiles Library/ScriptAssemblies/Assembly-CSharp-Editor.dll
[220/222    0s] CopyFiles Library/ScriptAssemblies/Assembly-CSharp-Editor.pdb
[221/222    0s] CopyFiles Library/ScriptAssemblies/Assembly-CSharp.dll
*** Tundra build success (0.86 seconds), 9 items updated, 222 evaluated
Assets\Scripts\Game.cs(27,262): warning CS0618: 'FindObjectsSortMode' is obsolete: 'FindObjectsSortMode has been deprecated. Use the FindObjectsByType overloads that do not take a FindObjectsSortMode parameter.'
Assets\Scripts\Game.cs(27,236): warning CS0618: 'Object.FindObjectsByType<T>(FindObjectsSortMode)' is obsolete: 'FindObjectsByType with FindObjectsSortMode parameter has been deprecated. Use FindObjectsByType<T>() or FindObjectsByType<T>(FindObjectsInactive) instead. InstanceID will be replaced in the future with EntityId and previous sort order cannot be maintained.'
Assets\Scripts\Game.cs(51,131): warning CS0618: 'FindObjectsSortMode' is obsolete: 'FindObjectsSortMode has been deprecated. Use the FindObjectsByType overloads that do not take a FindObjectsSortMode parameter.'
Assets\Scripts\Game.cs(51,105): warning CS0618: 'Object.FindObjectsByType<T>(FindObjectsSortMode)' is obsolete: 'FindObjectsByType with FindObjectsSortMode parameter has been deprecated. Use FindObjectsByType<T>() or FindObjectsByType<T>(FindObjectsInactive) instead. InstanceID will be replaced in the future with EntityId and previous sort order cannot be maintained.'
Reloading assemblies after forced synchronous recompile.
Begin MonoManager ReloadAssembly
Total cache size 266788968
Total cache size after purge 266788968, took 00:00:00.2639004
Native extension for WindowsStandalone target not found
Native extension for WebGL target not found
[MODES] ModeService[none].Initialize
[MODES] ModeService[none].LoadModes
ScheduleIndexationOnStartup MainProcess:True IndexOnStartup:True
Scripting: successfully reloaded assembly
- Finished resetting the current domain, in  1.547 seconds
Domain Reload Profiling: 2422ms
	BeginReloadAssembly (599ms)
		DisableScriptedObjects (136ms)
		CreateAndSetChildDomain (231ms)
	RebuildCommonClasses (17ms)
	RebuildNativeTypeToScriptingClass (22ms)
	initialDomainReloadingComplete (62ms)
	LoadAllAssembliesAndSetupDomain (175ms)
		LoadAssemblies (132ms)
		TypeCache.Refresh (8ms)
		AnalyzeDomain (18ms)
			BuildScriptInfoCaches (16ms)
	FinalizeReload (1548ms)
		SetupLoadedEditorAssemblies (0ms)
			InitializePlatformSupportModulesInManaged (3ms)
			BeforeProcessingInitializeOnLoad (176ms)
			ProcessInitializeOnLoadAttributes (119ms)
			ProcessInitializeOnLoadMethodAttributes (56ms)
			AfterProcessingInitializeOnLoad (9ms)
		AwakeInstancesAfterBackupRestoration (674ms)
Importing 'GUID: 9001692c8e6cc5e4dab9c99b6fa15155 - Path: Assets/Resources/Models/CrystalCluster.json' with importer (TextScriptImporter)
Imported 'GUID: 9001692c8e6cc5e4dab9c99b6fa15155' -> (Import Result ID: '4d7a95f825de9bf03a42638675444da1') in 0.005 seconds [static dependencies only]. Details - ImportResultOutputID=0545b90b41f49a8d516f29fdb0dad064 DependenciesID=890b97a9284419cce9f04fa5160688ba StaticDependenciesID=506a62a5169a93a6265b8c1ee47224d6 
Importing 'GUID: b2e10440726290349b5a3c8c5a2c53b7 - Path: Assets/Resources/Models/TrackStation.json' with importer (TextScriptImporter)
Imported 'GUID: b2e10440726290349b5a3c8c5a2c53b7' -> (Import Result ID: 'a77ea97c43523e2577696d00156ac89d') in 0.001 seconds [static dependencies only]. Details - ImportResultOutputID=e4305ce14e670986a2202183f6039ca0 DependenciesID=a1d3445b4871810341bfe49d9b85f8ad StaticDependenciesID=7ded621c40fafe001bf0e4f7df41ebc3 
Importing 'GUID: 142797ec6bee95b43890d6df78966b1c - Path: Assets/Resources/Models/Comet.json' with importer (TextScriptImporter)
Imported 'GUID: 142797ec6bee95b43890d6df78966b1c' -> (Import Result ID: 'e25acd22b840d9a2fa3e9bd3b0826450') in 0.001 seconds [static dependencies only]. Details - ImportResultOutputID=2426ac4b68419b77d5c3e7ea0862a04a DependenciesID=551c1ac55295f50c1ecb36a7435002ed StaticDependenciesID=d1296105cdd0cc5a4d129e9771da61ca 
Importing 'GUID: f48377b822e8a7d428a4e1419fd82d82 - Path: Assets/Resources/Models/Vanta.json' with importer (TextScriptImporter)
Imported 'GUID: f48377b822e8a7d428a4e1419fd82d82' -> (Import Result ID: 'b30cad23efc25fdcc98751a7f6436e93') in 0.001 seconds [static dependencies only]. Details - ImportResultOutputID=54bd794f11b9cdfa26f4ced729f6818d DependenciesID=baac33a7016d3feb80ac5cf58e079465 StaticDependenciesID=652a94ce6f9b0a0f035a27e70b75313a 
Importing 'GUID: 45484b3148b033340b0e3f8c711154cc - Path: Assets/Resources/Models/Spectre.json' with importer (TextScriptImporter)
Imported 'GUID: 45484b3148b033340b0e3f8c711154cc' -> (Import Result ID: 'eb11a691859737cefdbed128e7995e04') in 0.001 seconds [static dependencies only]. Details - ImportResultOutputID=b4a13adc39d860dda705cec576e9f72e DependenciesID=45d962854e0b07922a6e5db601c7aa84 StaticDependenciesID=34f92f5b386222082601e65094b29954 
Importing 'GUID: e5af8f8a1d68db0489de2d0ceb721587 - Path: Assets/Resources/Models/AlienTree.json' with importer (TextScriptImporter)
Imported 'GUID: e5af8f8a1d68db0489de2d0ceb721587' -> (Import Result ID: 'a228237697f55dd5cbdf99256dfc1aa3') in 0.000 seconds [static dependencies only]. Details - ImportResultOutputID=c797be90bd6a77c6dd8920e4cc22d508 DependenciesID=3b690c1c4230f3d6a280beebd129502f StaticDependenciesID=81a87aa2dc78acafef84976dc4429db1 
Importing 'GUID: 39e62c7a613dfad44ab424412f6adf1f - Path: Assets/Resources/Models/RaceArch.json' with importer (TextScriptImporter)
Imported 'GUID: 39e62c7a613dfad44ab424412f6adf1f' -> (Import Result ID: '7731715290415132a32b773d2d9131ab') in 0.000 seconds [static dependencies only]. Details - ImportResultOutputID=5e75537487e9f68417a28630599e8336 DependenciesID=edb4a15134dc0e2c6eaff27eebbc08e9 StaticDependenciesID=2f83a16ac7ba369c2553bbe443e170fc 
Importing 'GUID: acc7645efb4fd9c41bda32614cf2c4c4 - Path: Assets/Resources/Models/Miso.json' with importer (TextScriptImporter)
Imported 'GUID: acc7645efb4fd9c41bda32614cf2c4c4' -> (Import Result ID: 'f22036cac1e96c0df37d34a2aaef0b5b') in 0.001 seconds [static dependencies only]. Details - ImportResultOutputID=10537e0c4b537595a916f499d31d0700 DependenciesID=60feb7b368ffc9633fe18f830fb4fed2 StaticDependenciesID=51fdae8421356833f55f554f8f129b04 
Importing 'GUID: 8d25930f182e8934ab394e7ad3ec9aeb - Path: Assets/Resources/Models/Nomad.json' with importer (TextScriptImporter)
Imported 'GUID: 8d25930f182e8934ab394e7ad3ec9aeb' -> (Import Result ID: '426c53312c40b349f5d5f17cfb8285b5') in 0.001 seconds [static dependencies only]. Details - ImportResultOutputID=63537c6ad074f6aeb7dda0faf30514a7 DependenciesID=0ebb6c7e489c17b65ad40f6c06e9ee97 StaticDependenciesID=25589ec0e65778d01ba4c83055f2af46 

Asset Pipeline Refresh (id=b1f0dd55e381292439d02e64a338a835): Total: 3.820 seconds - Initiated by RefreshV2(AllowForceSynchronousImport)
	(Values over 0.05ms)
	Summary:
		Imports: total=9 (actual=9, local cache=0, cache server=0)
		Asset DB Process Time: managed=2 ms, native=1635 ms
		Asset DB Callback time: managed=44 ms, native=1 ms
		Scripting: domain reloads=1, domain reload time=922 ms, compile time=1214 ms, other=0 ms
		Project Asset Count: scripts=177, non-scripts=75
		Asset File Changes: new=0, changed=11, moved=0, deleted=0
		Scan Filter Count: 0
	InvokePackagesCallback: 2.107ms
	ApplyChangesToAssetFolders: 0.405ms
	Scan: 12.416ms
	Collect global state as custom dependencies: 1.238ms
	OnSourceAssetsModified: 1.155ms
	CategorizeScriptCompilationAssets: 0.053ms
	ProcessAssetsWithTransientArtifactChanges: 0.857ms
	CategorizeAssets: 1.598ms
	CompileScripts: 1213.691ms
	ImportOutOfDateAssets: 1563.608ms (1549.109ms without children)
		ImportManagerImport: 12.820ms (1.604ms without children)
		UnloadImportedAssets: 1.324ms
		EnsureUptoDateAssetsAreRegisteredWithGuidPM: 0.050ms
		ImportSchedulerStart: 0.299ms
	PostProcessAllAssets: 43.935ms
		PostProcessCallbackCreateDeferredMaterials 0.057ms
		MonoPostProcessAllAssets: 43.217ms
			AssetChangedListener.OnPostprocessAllAssets 7.258ms
			BuilderAssetPostprocessor.OnPostprocessAllAssets 5.397ms
			WindowAssetPostprocessingWatcher.OnPostprocessAllAssets 5.289ms
			AssetPostprocessor.OnPostprocessAllAssets 5.017ms
			SyncVS.PostprocessSyncProject 4.214ms
			RetainedModeAssetPostprocessor.OnPostprocessAllAssets 1.385ms
			SpeedTree9Postprocessor.OnPostprocessAllAssets 1.161ms
			EditModeScopePostprocessor.OnPostprocessAllAssets 0.929ms
			TextAssetPostProcessor.OnPostprocessAllAssets 0.830ms
			ArtifactBrowserPostProcessor.OnPostprocessAllAssets 0.583ms
			AudioMixerPostprocessor.OnPostprocessAllAssets 0.326ms
			ReferencedClipsPostProcessor.OnPostprocessAllAssets 0.267ms
			StyleCatalogPostProcessor.OnPostprocessAllAssets 0.227ms
			AssetEvents.OnPostprocessAllAssets 0.214ms
			SpeedTreePostProcessor.OnPostprocessAllAssets 0.208ms
			TerrainToolbarOverlayPostProcessor.OnPostprocessAllAssets 0.191ms
			ThemePostprocessor.OnPostprocessAllAssets 0.191ms
			AssetDatabaseCallbacks.OnPostprocessAllAssets 0.160ms
			ConfigAssetsTracker.OnPostprocessAllAssets 0.142ms
			ScenarioDriftAssetsTracker.OnPostprocessAllAssets 0.137ms
			RenderPipelineGlobalSettingsPostprocessor.OnPostprocessAllAssets 0.107ms
			AudioContainerPostProcessor.OnPostprocessAllAssets 0.096ms
	PostAssetChangesProfiler: 0.627ms
	UnloadStreamsBegin: 1.418ms
	Untracked: 941.243ms

[Licensing::Client] Successfully resolved entitlement details
MonoPathRemapper: Attempts to remap: 15492; Successful remaps: 1844
Serialized file version minimum: 23, current 23
[LAYOUT] About to save layout A:\Python\aether-grounds\UserSettings\Layouts\default-6000.dwlt
[LAYOUT] About to save layout C:/Users/Lemon PC/AppData/Roaming/Unity/Editor-5.x/Preferences\Layouts\current\default-6000.dwlt
[Physics::Module] Cleanup current backend.
[Physics::Module] Id: 0xf2b8ea05
Input System module state changed to: ShutdownInProgress.
Input Polling Thread exited.
Input System module state changed to: Shutdown.
[Licensing::IpcConnector] LicenseClient-Azrin Azrael-notifications channel disconnected successfully.
[Licensing::IpcConnector] LicenseClient-Azrin Azrael channel disconnected successfully.
Lingering sessions upon destruction of worker manager
Unity Data Store service was successfully shut down
UDS shutting down local client system
AcceleratorClientConnectionCallback - disconnected - :0
Cleanup mono
CodeReloadManager destroyed
Checking for leaked weakptr:
  Found no leaked weakptrs.
[Package Manager] Server process was shutdown
##utp:{"type":"MemoryLeaks","version":2,"phase":"Immediate","time":1788903555840,"processId":33204,"allocatedMemory":12149806,"memoryLabels":[{"Default":172097},{"Permanent":15516},{"NewDelete":71329},{"Thread":4205600},{"Manager":33800},{"VertexData":8},{"Geometry":816},{"Texture":24},{"Shader":847831},{"Material":24},{"GfxDevice":62040},{"Animation":952},{"Audio":984},{"FreeType":8},{"FontEngine":736},{"Physics":1970},{"Physics2D":16},{"Serialization":131640},{"Input":42840},{"JobScheduler":256},{"TextLib":23254},{"Mono":48},{"ScriptingNativeRuntime":1259880},{"BaseObject":49584},{"Resource":1208},{"Renderer":2376},{"Transform":4685},{"File":22230},{"WebCam":616},{"Culling":32},{"Terrain":11442},{"Wind":24},{"STL":40},{"String":977231},{"StaticString":3808},{"Utility":2674970},{"Curl":48},{"PoolAlloc":2168},{"AI":80},{"TypeTree":130500},{"ScriptManager":18960},{"CodeReload":448},{"RuntimeInitializeOnLoadManager":64},{"Sprites":102},{"SpriteAtlas":120},{"GI":7816},{"Director":8296},{"CloudService":7728},{"WebRequest":17011},{"VR":49650},{"SceneManager":608},{"Video":208},{"LazyScriptCache":32},{"Camera":817},{"Secure":265},{"SerializationCache":9256},{"APIUpdating":10320},{"Subsystems":336},{"VirtualTexturing":57888},{"StaticSafetyDebugInfo":278528},{"Analytics":768},{"Hierarchy":1188},{"UIElements":40},{"CoreStats":14456},{"Identifiers":7152},{"Gui":267608},{"EditorUtility":140018},{"VersionControl":8},{"Undo":931},{"AssetDatabase":430149},{"AssetImporter":40},{"EditorGi":328},{"UnityConnect":36882},{"Upm":1988},{"UpmDiagnostics":8},{"AssetCompliance":96},{"DrivenProperties":72},{"LocalIPC":274},{"ProfilerEditor":9746},{"CoreBusinessMetrics":3606},{"Windowing":456},{"Licensing":12764},{"AssetReference":32},{"IPCStream":32}]}
