Mono path[0] = 'A:/Python/aether-grounds/Evidence/GameplayAudit/Runtime/Build/Aether Grounds_Data/Managed'
Mono config path = 'A:/Python/aether-grounds/Evidence/GameplayAudit/Runtime/Build/MonoBleedingEdge/etc'
CodeReloadManager initialized
Input System module state changed to: Initialized.
[Physics::Module] Initialized fallback backend.
[Physics::Module] Id: 0xdecafbad
Initialize engine version: 6000.6.0f1 (f7f8ed4d1e24)
[EntityIdStore] init: VM path (explicit commit), pageSize=4096, blockCount=1048576, entitiesPerBlock=256, slots reserved=4294967296 bytes
[Subsystems] Discovering subsystems at path A:/Python/aether-grounds/Evidence/GameplayAudit/Runtime/Build/Aether Grounds_Data/UnitySubsystems
[D3D12 Device Filter] Vendor Name: NVIDIA
[D3D12 Device Filter] Device Name: NVIDIA GeForce RTX 4060
[D3D12 Device Filter] Driver Version: 32.0.15.9636
[D3D12 Device Filter] Feature Level: 12.2
[D3D12 Device Filter] Graphics Memory: 7957 MB
[D3D12 Device Filter] Processor Count: 16
[D3D12 Device Filter] Device Type: Discrete
GfxDevice: creating device client; kGfxThreadingModeSplitJobs
d3d12: failed to query info queue interface (0x80004002).
Direct3D:
    Version:         Direct3D 12 [level 12.2]
    Renderer:        NVIDIA GeForce RTX 4060 (ID=0x2882)
    Vendor:          NVIDIA
    VRAM:            7957 MB
    App VRAM Budget: 7189 MB
    Driver:          32.0.15.9636
Begin MonoManager ReloadAssembly
- Finished resetting the current domain, in  0.016 seconds
[Physics::Module] Selected backend.
[Physics::Module] Name: PhysX
[Physics::Module] Id: 0xf2b8ea05
[Physics::Module] SDK Version: 4.1.2
[Physics::Module] Integration Version: 1.0.0
[Physics::Module] Threading Mode: Multi-Threaded
<RI> Initializing input.
<RI> Input initialized.
UnloadTime: 2.379300 ms
Detected one or more triangles where the distance between any 2 vertices is greater than 500 units. The resulting Triangle Mesh can impact simulation and query stability. It is recommended to tessellate meshes that have large triangles. Source mesh name: Sloping beach
CITY GENERATED length=3231m buildings=259 props=720 importedModels=48
MAP DETAILS Downtown Minda props=206 types=18
AETHER_DIAG state=Countdown manual=False throttle=0 speed=0.08720791 position=(-378.56, 3.10, -340.74) velocity=(0.00, -0.02, 0.00) mass=1185.32 kinematic=False constraints=None gear=1 rpm=900
AETHER_WHEEL Physical WheelFL motor=0 brake=3509.636 rpm=0 grounded=True load=2312.248 surface=City race road position=(-1.03, 0.64, 1.36) radius=0.4577
AETHER_WHEEL Physical WheelFR motor=0 brake=3509.636 rpm=0 grounded=True load=2232.873 surface=City race road position=(1.03, 0.64, 1.36) radius=0.4577
AETHER_WHEEL Physical WheelRL motor=0 brake=3509.636 rpm=0 grounded=True load=3110.99 surface=City race road position=(-1.03, 0.64, -1.36) radius=0.4577
AETHER_WHEEL Physical WheelRR motor=0 brake=3509.636 rpm=0 grounded=True load=3032.131 surface=City race road position=(1.03, 0.64, -1.36) radius=0.4577
AETHER_DIAG state=Countdown manual=False throttle=0 speed=6.425267E-05 position=(-378.57, 3.10, -340.74) velocity=(0.00, 0.00, 0.00) mass=1185.32 kinematic=False constraints=None gear=1 rpm=900
AETHER_WHEEL Physical WheelFL motor=0 brake=3509.636 rpm=0 grounded=True load=2241.513 surface=City race road position=(-1.03, 0.64, 1.36) radius=0.4577
AETHER_WHEEL Physical WheelFR motor=0 brake=3509.636 rpm=0 grounded=True load=2166.461 surface=City race road position=(1.03, 0.64, 1.36) radius=0.4577
AETHER_WHEEL Physical WheelRL motor=0 brake=3509.636 rpm=0 grounded=True load=3016.634 surface=City race road position=(-1.03, 0.64, -1.36) radius=0.4577
AETHER_WHEEL Physical WheelRR motor=0 brake=3509.636 rpm=0 grounded=True load=2941.569 surface=City race road position=(1.03, 0.64, -1.36) radius=0.4577
AETHER_DIAG state=Countdown manual=False throttle=0 speed=3.718252E-05 position=(-378.57, 3.10, -340.74) velocity=(0.00, 0.00, 0.00) mass=1185.32 kinematic=False constraints=None gear=1 rpm=900
AETHER_WHEEL Physical WheelFL motor=0 brake=3509.636 rpm=0 grounded=True load=2242.35 surface=City race road position=(-1.03, 0.64, 1.36) radius=0.4577
AETHER_WHEEL Physical WheelFR motor=0 brake=3509.636 rpm=0 grounded=True load=2166.515 surface=City race road position=(1.03, 0.64, 1.36) radius=0.4577
AETHER_WHEEL Physical WheelRL motor=0 brake=3509.636 rpm=0 grounded=True load=3016.707 surface=City race road position=(-1.03, 0.64, -1.36) radius=0.4577
AETHER_WHEEL Physical WheelRR motor=0 brake=3509.636 rpm=0 grounded=True load=2941.642 surface=City race road position=(1.03, 0.64, -1.36) radius=0.4577
AETHER_DIAG state=Race manual=True throttle=0 speed=7.06285 position=(1600.00, 0.39, 0.00) velocity=(0.00, -1.96, 0.00) mass=1185.32 kinematic=False constraints=None gear=1 rpm=900
AETHER_WHEEL Physical WheelFL motor=0 brake=14.63586 rpm=0 grounded=False load=0 surface=none position=(-1.03, 0.64, 1.36) radius=0.4577
AETHER_WHEEL Physical WheelFR motor=0 brake=14.63586 rpm=0 grounded=False load=0 surface=none position=(1.03, 0.64, 1.36) radius=0.4577
AETHER_WHEEL Physical WheelRL motor=0 brake=14.63586 rpm=0 grounded=False load=0 surface=none position=(-1.03, 0.64, -1.36) radius=0.4577
AETHER_WHEEL Physical WheelRR motor=0 brake=14.63586 rpm=0 grounded=False load=0 surface=none position=(1.03, 0.64, -1.36) radius=0.4577
AETHER_DIAG state=Race manual=True throttle=0 speed=0.02202193 position=(1600.00, 0.00, 0.00) velocity=(0.00, 0.01, 0.00) mass=1185.32 kinematic=False constraints=None gear=1 rpm=900
AETHER_WHEEL Physical WheelFL motor=0 brake=14.63586 rpm=0 grounded=True load=2241.788 surface=Physics test surface position=(-1.03, 0.64, 1.36) radius=0.4577
AETHER_WHEEL Physical WheelFR motor=0 brake=14.63586 rpm=0 grounded=True load=2165.263 surface=Physics test surface position=(1.03, 0.64, 1.36) radius=0.4577
AETHER_WHEEL Physical WheelRL motor=0 brake=14.63586 rpm=0 grounded=True load=3016.672 surface=Physics test surface position=(-1.03, 0.64, -1.36) radius=0.4577
AETHER_WHEEL Physical WheelRR motor=0 brake=14.63586 rpm=0 grounded=True load=2939.907 surface=Physics test surface position=(1.03, 0.64, -1.36) radius=0.4577
AETHER_DIAG state=Race manual=True throttle=1 speed=3.135558E-05 position=(1600.00, 0.00, 0.00) velocity=(0.00, 0.00, 0.00) mass=1185.32 kinematic=False constraints=None gear=1 rpm=900
AETHER_WHEEL Physical WheelFL motor=2210.306 brake=14.63586 rpm=0 grounded=True load=2241.797 surface=Physics test surface position=(-1.03, 0.64, 1.36) radius=0.4577
AETHER_WHEEL Physical WheelFR motor=2210.306 brake=14.63586 rpm=0 grounded=True load=2166.049 surface=Physics test surface position=(1.03, 0.64, 1.36) radius=0.4577
AETHER_WHEEL Physical WheelRL motor=2701.486 brake=14.63586 rpm=0 grounded=True load=3017.294 surface=Physics test surface position=(-1.03, 0.64, -1.36) radius=0.4577
AETHER_WHEEL Physical WheelRR motor=2701.486 brake=14.63586 rpm=0 grounded=True load=2941.052 surface=Physics test surface position=(1.03, 0.64, -1.36) radius=0.4577
AETHER_DIAG state=Race manual=True throttle=1 speed=1.271234E-05 position=(1600.00, 0.00, 0.00) velocity=(0.00, 0.00, 0.00) mass=1185.32 kinematic=False constraints=None gear=1 rpm=900
AETHER_WHEEL Physical WheelFL motor=2210.306 brake=14.63586 rpm=0 grounded=True load=2242.006 surface=Physics test surface position=(-1.03, 0.64, 1.36) radius=0.4577
AETHER_WHEEL Physical WheelFR motor=2210.306 brake=14.63586 rpm=0 grounded=True load=2166.058 surface=Physics test surface position=(1.03, 0.64, 1.36) radius=0.4577
AETHER_WHEEL Physical WheelRL motor=2701.486 brake=14.63586 rpm=0 grounded=True load=3017.054 surface=Physics test surface position=(-1.03, 0.64, -1.36) radius=0.4577
AETHER_WHEEL Physical WheelRR motor=2701.486 brake=14.63586 rpm=0 grounded=True load=2941.07 surface=Physics test surface position=(1.03, 0.64, -1.36) radius=0.4577
AETHER_DIAG state=Race manual=True throttle=1 speed=1.15688E-05 position=(1600.00, 0.00, 0.00) velocity=(0.00, 0.00, 0.00) mass=1185.32 kinematic=False constraints=None gear=1 rpm=900
AETHER_WHEEL Physical WheelFL motor=2210.306 brake=14.63586 rpm=0 grounded=True load=2241.815 surface=Physics test surface position=(-1.03, 0.64, 1.36) radius=0.4577
AETHER_WHEEL Physical WheelFR motor=2210.306 brake=14.63586 rpm=0 grounded=True load=2166.058 surface=Physics test surface position=(1.03, 0.64, 1.36) radius=0.4577
AETHER_WHEEL Physical WheelRL motor=2701.486 brake=14.63586 rpm=0 grounded=True load=3017.054 surface=Physics test surface position=(-1.03, 0.64, -1.36) radius=0.4577
AETHER_WHEEL Physical WheelRR motor=2701.486 brake=14.63586 rpm=0 grounded=True load=2941.07 surface=Physics test surface position=(1.03, 0.64, -1.36) radius=0.4577
AETHER_DIAG state=Race manual=True throttle=1 speed=9.343576E-06 position=(1600.00, 0.00, 0.00) velocity=(0.00, 0.00, 0.00) mass=1185.32 kinematic=False constraints=None gear=1 rpm=900
AETHER_WHEEL Physical WheelFL motor=2210.306 brake=14.63586 rpm=0 grounded=True load=2242.006 surface=Physics test surface position=(-1.03, 0.64, 1.36) radius=0.4577
AETHER_WHEEL Physical WheelFR motor=2210.306 brake=14.63586 rpm=0 grounded=True load=2166.058 surface=Physics test surface position=(1.03, 0.64, 1.36) radius=0.4577
AETHER_WHEEL Physical WheelRL motor=2701.486 brake=14.63586 rpm=0 grounded=True load=3017.054 surface=Physics test surface position=(-1.03, 0.64, -1.36) radius=0.4577
AETHER_WHEEL Physical WheelRR motor=2701.486 brake=14.63586 rpm=0 grounded=True load=2941.07 surface=Physics test surface position=(1.03, 0.64, -1.36) radius=0.4577
AETHER_PHYSICS FAIL Acceleration after4s=0.0 km/h
AETHER_PHYSICS PASS Suspension contact=4
AETHER_DIAG state=Race manual=True throttle=-1 speed=6.255395E-06 position=(1600.00, 0.00, 0.00) velocity=(0.00, 0.00, 0.00) mass=1185.32 kinematic=False constraints=None gear=1 rpm=900
AETHER_WHEEL Physical WheelFL motor=-2210.306 brake=14.63586 rpm=0 grounded=True load=2241.811 surface=Physics test surface position=(-1.03, 0.64, 1.36) radius=0.4577
AETHER_WHEEL Physical WheelFR motor=-2210.306 brake=14.63586 rpm=0 grounded=True load=2166.058 surface=Physics test surface position=(1.03, 0.64, 1.36) radius=0.4577
AETHER_WHEEL Physical WheelRL motor=-2701.486 brake=14.63586 rpm=0 grounded=True load=3017.054 surface=Physics test surface position=(-1.03, 0.64, -1.36) radius=0.4577
AETHER_WHEEL Physical WheelRR motor=-2701.486 brake=14.63586 rpm=0 grounded=True load=2941.07 surface=Physics test surface position=(1.03, 0.64, -1.36) radius=0.4577
AETHER_PHYSICS FAIL Brake speed=0.0 km/h
AETHER_DIAG state=Race manual=True throttle=-1 speed=1.448241E-05 position=(1600.00, 0.00, 0.00) velocity=(0.00, 0.00, 0.00) mass=1185.32 kinematic=False constraints=None gear=1 rpm=900
AETHER_WHEEL Physical WheelFL motor=-2210.306 brake=14.63586 rpm=0 grounded=True load=2241.815 surface=Physics test surface position=(-1.03, 0.64, 1.36) radius=0.4577
AETHER_WHEEL Physical WheelFR motor=-2210.306 brake=14.63586 rpm=0 grounded=True load=2166.062 surface=Physics test surface position=(1.03, 0.64, 1.36) radius=0.4577
AETHER_WHEEL Physical WheelRL motor=-2701.486 brake=14.63586 rpm=0 grounded=True load=3017.319 surface=Physics test surface position=(-1.03, 0.64, -1.36) radius=0.4577
AETHER_WHEEL Physical WheelRR motor=-2701.486 brake=14.63586 rpm=0 grounded=True load=2941.07 surface=Physics test surface position=(1.03, 0.64, -1.36) radius=0.4577
AETHER_DIAG state=Race manual=True throttle=-1 speed=1.051768E-05 position=(1600.00, 0.00, 0.00) velocity=(0.00, 0.00, 0.00) mass=1185.32 kinematic=False constraints=None gear=1 rpm=900
AETHER_WHEEL Physical WheelFL motor=-2210.306 brake=14.63586 rpm=0 grounded=True load=2241.811 surface=Physics test surface position=(-1.03, 0.64, 1.36) radius=0.4577
AETHER_WHEEL Physical WheelFR motor=-2210.306 brake=14.63586 rpm=0 grounded=True load=2166.058 surface=Physics test surface position=(1.03, 0.64, 1.36) radius=0.4577
AETHER_WHEEL Physical WheelRL motor=-2701.486 brake=14.63586 rpm=0 grounded=True load=3017.054 surface=Physics test surface position=(-1.03, 0.64, -1.36) radius=0.4577
AETHER_WHEEL Physical WheelRR motor=-2701.486 brake=14.63586 rpm=0 grounded=True load=2941.07 surface=Physics test surface position=(1.03, 0.64, -1.36) radius=0.4577
AETHER_DIAG state=Race manual=True throttle=-1 speed=9.38112E-06 position=(1600.00, 0.00, 0.00) velocity=(0.00, 0.00, 0.00) mass=1185.32 kinematic=False constraints=None gear=1 rpm=900
AETHER_WHEEL Physical WheelFL motor=-2210.306 brake=14.63586 rpm=0 grounded=True load=2241.815 surface=Physics test surface position=(-1.03, 0.64, 1.36) radius=0.4577
AETHER_WHEEL Physical WheelFR motor=-2210.306 brake=14.63586 rpm=0 grounded=True load=2166.058 surface=Physics test surface position=(1.03, 0.64, 1.36) radius=0.4577
AETHER_WHEEL Physical WheelRL motor=-2701.486 brake=14.63586 rpm=0 grounded=True load=3017.054 surface=Physics test surface position=(-1.03, 0.64, -1.36) radius=0.4577
AETHER_WHEEL Physical WheelRR motor=-2701.486 brake=14.63586 rpm=0 grounded=True load=2941.07 surface=Physics test surface position=(1.03, 0.64, -1.36) radius=0.4577
AETHER_PHYSICS FAIL Reverse speed=0.0 m/s
AETHER_DIAG state=Race manual=True throttle=1 speed=0.06779897 position=(1600.00, 0.00, 0.00) velocity=(0.00, -0.02, 0.00) mass=1185.32 kinematic=False constraints=None gear=1 rpm=900
AETHER_WHEEL Physical WheelFL motor=2210.306 brake=14.63586 rpm=0 grounded=True load=2224.437 surface=Physics test surface position=(-1.03, 0.64, 1.36) radius=0.4577
AETHER_WHEEL Physical WheelFR motor=2210.306 brake=14.63586 rpm=0 grounded=True load=2152.337 surface=Physics test surface position=(1.03, 0.64, 1.36) radius=0.4577
AETHER_WHEEL Physical WheelRL motor=2701.486 brake=410.7359 rpm=0 grounded=True load=2994.211 surface=Physics test surface position=(-1.03, 0.64, -1.36) radius=0.4577
AETHER_WHEEL Physical WheelRR motor=2701.486 brake=410.7359 rpm=0 grounded=True load=2922.649 surface=Physics test surface position=(1.03, 0.64, -1.36) radius=0.4577
AETHER_DIAG state=Race manual=True throttle=1 speed=0.0001585729 position=(1600.00, 0.00, 0.00) velocity=(0.00, 0.00, 0.00) mass=1185.32 kinematic=False constraints=None gear=1 rpm=900
AETHER_WHEEL Physical WheelFL motor=2210.306 brake=14.63586 rpm=0 grounded=True load=2241.692 surface=Physics test surface position=(-1.03, 0.64, 1.36) radius=0.4577
AETHER_WHEEL Physical WheelFR motor=2210.306 brake=14.63586 rpm=0 grounded=True load=2165.934 surface=Physics test surface position=(1.03, 0.64, 1.36) radius=0.4577
AETHER_WHEEL Physical WheelRL motor=2701.486 brake=410.7359 rpm=0 grounded=True load=3016.886 surface=Physics test surface position=(-1.03, 0.64, -1.36) radius=0.4577
AETHER_WHEEL Physical WheelRR motor=2701.486 brake=410.7359 rpm=0 grounded=True load=2940.896 surface=Physics test surface position=(1.03, 0.64, -1.36) radius=0.4577
AETHER_DIAG state=Race manual=True throttle=1 speed=1.184715E-05 position=(1600.00, 0.00, 0.00) velocity=(0.00, 0.00, 0.00) mass=1185.32 kinematic=False constraints=None gear=1 rpm=900
AETHER_WHEEL Physical WheelFL motor=2210.306 brake=14.63586 rpm=0 grounded=True load=2242.006 surface=Physics test surface position=(-1.03, 0.64, 1.36) radius=0.4577
AETHER_WHEEL Physical WheelFR motor=2210.306 brake=14.63586 rpm=0 grounded=True load=2166.057 surface=Physics test surface position=(1.03, 0.64, 1.36) radius=0.4577
AETHER_WHEEL Physical WheelRL motor=2701.486 brake=410.7359 rpm=0 grounded=True load=3017.054 surface=Physics test surface position=(-1.03, 0.64, -1.36) radius=0.4577
AETHER_WHEEL Physical WheelRR motor=2701.486 brake=410.7359 rpm=0 grounded=True load=2941.07 surface=Physics test surface position=(1.03, 0.64, -1.36) radius=0.4577
AETHER_DIAG state=Race manual=True throttle=1 speed=7.947834E-06 position=(1600.00, 0.00, 0.00) velocity=(0.00, 0.00, 0.00) mass=1185.32 kinematic=False constraints=None gear=1 rpm=900
AETHER_WHEEL Physical WheelFL motor=2210.306 brake=14.63586 rpm=0 grounded=True load=2241.811 surface=Physics test surface position=(-1.03, 0.64, 1.36) radius=0.4577
AETHER_WHEEL Physical WheelFR motor=2210.306 brake=14.63586 rpm=0 grounded=True load=2166.058 surface=Physics test surface position=(1.03, 0.64, 1.36) radius=0.4577
AETHER_WHEEL Physical WheelRL motor=2701.486 brake=410.7359 rpm=0 grounded=True load=3017.054 surface=Physics test surface position=(-1.03, 0.64, -1.36) radius=0.4577
AETHER_WHEEL Physical WheelRR motor=2701.486 brake=410.7359 rpm=0 grounded=True load=2941.07 surface=Physics test surface position=(1.03, 0.64, -1.36) radius=0.4577
AETHER_PHYSICS FAIL Drift remains stable speed=0.0
AETHER_PHYSICS PASS Shield activates
AETHER_PHYSICS PASS Shield absorbs hit
AETHER_PHYSICS PASS Boost activates
AETHER_PHYSICS PASS Rocket spawns
AETHER_PHYSICS PASS Pulse pushes opponent
AETHER_PHYSICS PASS Recovery restores upright orientation
AETHER_DIAG state=Race manual=True throttle=0 speed=0.1406653 position=(505.50, 3.11, 130.23) velocity=(0.00, 0.04, 0.00) mass=2370.64 kinematic=False constraints=None gear=1 rpm=900
AETHER_WHEEL Physical WheelFL motor=0 brake=29.27172 rpm=0 grounded=True load=1641.013 surface=Dry coastal lane position=(-1.03, 0.64, 1.36) radius=0.4577
AETHER_WHEEL Physical WheelFR motor=0 brake=29.27172 rpm=0 grounded=True load=1497.274 surface=Dry coastal lane position=(1.03, 0.64, 1.36) radius=0.4577
AETHER_WHEEL Physical WheelRL motor=0 brake=29.27172 rpm=0 grounded=True load=6870.235 surface=Dry coastal lane position=(-1.03, 0.64, -1.36) radius=0.4577
AETHER_WHEEL Physical WheelRR motor=0 brake=29.27172 rpm=0 grounded=True load=6726.717 surface=Dry coastal lane position=(1.03, 0.64, -1.36) radius=0.4577
AETHER_PHYSICS PASS Wall collision reduces velocity to=0.0
AETHER_DIAG state=Race manual=True throttle=0 speed=0.004965534 position=(505.50, 3.11, 130.23) velocity=(0.00, 0.00, 0.00) mass=1185.32 kinematic=False constraints=None gear=1 rpm=900
AETHER_WHEEL Physical WheelFL motor=0 brake=14.63586 rpm=0 grounded=True load=834.4202 surface=Dry coastal lane position=(-1.03, 0.64, 1.36) radius=0.4577
AETHER_WHEEL Physical WheelFR motor=0 brake=14.63586 rpm=0 grounded=True load=750.8263 surface=Dry coastal lane position=(1.03, 0.64, 1.36) radius=0.4577
AETHER_WHEEL Physical WheelRL motor=0 brake=14.63586 rpm=0 grounded=True load=3466.348 surface=Dry coastal lane position=(-1.03, 0.64, -1.36) radius=0.4577
AETHER_WHEEL Physical WheelRR motor=0 brake=14.63586 rpm=0 grounded=True load=3380.222 surface=Dry coastal lane position=(1.03, 0.64, -1.36) radius=0.4577
AETHER_PHYSICS COMPLETE failures=4
[Physics::Module] Cleanup current backend.
[Physics::Module] Id: 0xf2b8ea05
Input System module state changed to: ShutdownInProgress.
Input Polling Thread exited.
Input System module state changed to: Shutdown.
CodeReloadManager destroyed
